// Jest Snapshot v1, https://goo.gl/fbAQLP

exports[`gzip middleware response body matches snapshot when supported 1`] = `""`;

exports[`gzip middleware response body matches snapshot when unsupported 1`] = `undefined`;

exports[`gzip middleware response headers match snapshot when supported 1`] = `
Object {
  "content-encoding": Array [
    Object {
      "key": "Content-Encoding",
      "value": "gzip",
    },
  ],
}
`;

exports[`gzip middleware response headers match snapshot when unsupported 1`] = `Object {}`;
